2026-08-10 14:06:10,599 - eams.auth.router - INFO - 登录成功 用户:admin 角色:admin
2026-08-10 14:22:39,023 - eams.auth.router - INFO - 登录成功 用户:admin 角色:admin
2026-08-10 14:22:40,224 - eams.stats.router - INFO - 查询在校学生男女占比
2026-08-10 14:22:40,225 - eams.stats.router - INFO - 查询各班级人数统计
2026-08-10 14:22:41,303 - eams.stats.model - INFO - 统计在校学生男女占比，返回 2 条
2026-08-10 14:22:41,380 - eams.stats.model - INFO - 统计各班级人数，返回 4 条
2026-08-10 14:24:25,486 - eams.auth.router - INFO - 登录成功 用户:admin 角色:admin
2026-08-10 14:24:26,221 - eams.stats.router - INFO - 查询在校学生男女占比
2026-08-10 14:24:26,332 - eams.stats.router - INFO - 查询各班级人数统计
2026-08-10 14:24:26,542 - eams.stats.model - INFO - 统计在校学生男女占比，返回 2 条
2026-08-10 14:24:26,542 - eams.stats.model - INFO - 统计各班级人数，返回 4 条
2026-08-10 14:24:40,761 - eams.auth.router - INFO - 登录成功 用户:admin 角色:admin
2026-08-10 14:24:44,480 - eams.auth.router - INFO - 登录成功 用户:admin 角色:admin
2026-08-10 14:24:56,792 - eams.auth.router - INFO - 登录成功 用户:admin 角色:admin
2026-08-10 14:25:13,016 - eams.stats.router - INFO - 请求首页总量统计数据
2026-08-10 14:25:13,252 - eams.stats.model - INFO - 首页四大总量统计查询完成
2026-08-10 14:25:17,864 - eams.stats.router - INFO - 查询各班级人数统计
2026-08-10 14:25:18,116 - eams.stats.model - INFO - 统计各班级人数，返回 4 条
2026-08-10 14:25:29,691 - eams.stats.router - INFO - 查询在校学生男女占比
2026-08-10 14:25:29,930 - eams.stats.model - INFO - 统计在校学生男女占比，返回 2 条
2026-08-10 14:38:53,754 - eams.auth.router - INFO - 登录成功 用户:admin 角色:admin
2026-08-10 14:38:55,313 - eams.stats.router - INFO - 查询各班级人数统计
2026-08-10 14:38:55,313 - eams.stats.router - INFO - 查询在校学生男女占比
2026-08-10 14:38:56,631 - eams.stats.model - INFO - 统计在校学生男女占比，返回 2 条
2026-08-10 14:38:56,638 - eams.stats.model - INFO - 统计各班级人数，返回 4 条
2026-08-10 14:39:18,934 - eams.auth.router - INFO - 登录成功 用户:admin 角色:admin
2026-08-10 14:39:19,958 - eams.stats.router - INFO - 查询各班级人数统计
2026-08-10 14:39:20,186 - eams.stats.router - INFO - 查询在校学生男女占比
2026-08-10 14:39:21,027 - eams.stats.model - INFO - 统计在校学生男女占比，返回 2 条
2026-08-10 14:39:21,253 - eams.stats.model - INFO - 统计各班级人数，返回 4 条
2026-08-10 14:39:41,088 - eams.stats.router - INFO - 查询各班级人数统计
2026-08-10 14:39:41,333 - eams.stats.model - INFO - 统计各班级人数，返回 4 条
2026-08-10 14:39:46,327 - eams.stats.router - INFO - 查询课程选课热度统计
2026-08-10 14:39:50,831 - eams.stats.router - INFO - 查询在校学生男女占比
2026-08-10 14:39:51,045 - eams.stats.model - INFO - 统计在校学生男女占比，返回 2 条
2026-08-10 14:40:03,039 - eams.stats.router - INFO - 请求首页大盘汇总统计数据
2026-08-10 14:40:03,299 - eams.stats.model - INFO - 首页大盘总览数据查询完成
2026-08-10 17:17:41,215 - eams.stats.router - INFO - 查询课程选课热度统计
2026-08-10 17:25:25,714 - eams.stats.router - INFO - 查询课程选课热度统计
2026-08-10 17:26:08,399 - eams.stats.router - INFO - 查询课程选课热度统计
2026-08-10 17:26:14,346 - eams.stats.router - INFO - 查询课程选课热度统计
2026-08-10 17:28:37,522 - eams.stats.router - INFO - 查询课程选课热度统计
2026-08-10 17:28:38,250 - eams.stats.router - INFO - 查询课程选课热度统计
2026-08-10 17:28:46,434 - eams.stats.router - INFO - 查询课程选课热度统计
2026-08-10 17:28:49,297 - eams.stats.router - INFO - 查询课程选课热度统计
2026-08-10 21:29:59,772 - eams.stats.router - INFO - 查询课程选课热度统计
2026-08-10 21:30:11,758 - eams.stats.router - INFO - 查询课程选课热度统计
2026-08-10 21:39:26,657 - eams.stats.router - INFO - 查询课程选课热度统计
2026-08-10 21:41:41,744 - eams.stats.router - INFO - 请求首页大盘汇总统计数据
2026-08-10 21:41:42,106 - eams.stats.model - INFO - 首页大盘总览数据查询完成
2026-08-10 21:41:47,453 - eams.stats.router - INFO - 请求首页大盘汇总统计数据
2026-08-10 21:41:47,747 - eams.stats.model - INFO - 首页大盘总览数据查询完成
2026-08-10 22:04:51,991 - eams.stats.router - INFO - 查询课程选课热度统计
2026-08-10 22:04:53,994 - eams.stats.router - INFO - 查询课程选课热度统计
2026-08-10 22:04:58,272 - eams.stats.router - INFO - 查询课程选课热度统计
2026-08-10 22:05:02,876 - eams.stats.router - INFO - 查询课程选课热度统计
2026-08-10 22:16:16,338 - eams.stats.router - INFO - 查询课程选课热度统计
2026-08-10 22:21:51,003 - eams.stats.router - INFO - 查询课程选课热度统计
2026-08-10 22:23:55,604 - eams.stats.router - INFO - 查询课程选课热度统计
2026-08-10 22:48:44,775 - eams.stats.router - INFO - 查询课程选课热度统计
2026-08-10 22:48:51,339 - eams.stats.router - INFO - 查询课程选课热度统计
2026-08-10 22:49:24,871 - eams.stats.router - INFO - 查询课程选课热度统计
2026-08-10 22:49:53,467 - eams.stats.router - INFO - 查询课程选课热度统计
2026-08-10 22:49:56,976 - eams.stats.router - INFO - 查询课程选课热度统计
