2026-08-11 07:53:21,962 - eams.auth.router - INFO - 注册成功 用户:zhangsan
2026-08-11 07:53:33,023 - eams.auth.router - INFO - 登录成功 用户:zhangsan 角色:student
2026-08-11 07:53:47,361 - eams.course.router - INFO - 学生选课 学生id:101 → 课程1
2026-08-11 07:54:26,321 - eams.auth.router - INFO - 登录成功 用户:admin 角色:admin
2026-08-11 07:54:46,387 - eams.student.router - INFO - 学生分班 id:101 → 班级1
2026-08-11 07:54:55,108 - eams.student.router - INFO - 学生选老师 id:101 → 教师1
2026-08-11 09:03:47,971 - eams.auth.router - INFO - 登录成功 用户:admin 角色:admin
2026-08-11 09:22:42,539 - eams.auth.router - WARNING - 登录失败 用户:admin
2026-08-11 09:22:47,159 - eams.auth.router - WARNING - 登录失败 用户:admin
2026-08-11 09:22:53,331 - eams.auth.router - INFO - 登录成功 用户:admin 角色:admin
2026-08-11 09:31:21,798 - eams.student.router - INFO - 学生分班 id:101 → 班级3
2026-08-11 09:31:32,098 - eams.student.router - INFO - 学生分班 id:101 → 班级1
2026-08-11 10:06:31,492 - eams.auth.router - INFO - 登录成功 用户:zhangsan 角色:student
2026-08-11 10:09:09,151 - eams.auth.router - INFO - 登录成功 用户:zhangsan 角色:student
2026-08-11 10:10:18,968 - eams.auth.router - INFO - 登录成功 用户:admin 角色:admin
2026-08-11 10:24:49,631 - eams.auth.router - INFO - 登录成功 用户:admin 角色:admin
2026-08-11 10:26:46,390 - eams.auth.router - INFO - 登录成功 用户:zhangsan 角色:student
2026-08-11 10:26:58,521 - eams.auth.router - INFO - 登录成功 用户:admin 角色:admin
2026-08-11 10:54:12,199 - eams.teacher.router - INFO - 新增教师 id:16 姓名:李好
2026-08-11 14:09:40,817 - eams.auth.router - INFO - 登录成功 用户:admin 角色:admin
